[18:16:28] auto_analyze starting
================================================================
[Sun May 17 19:02:02 EDT 2026] new capture: captures/probes_20260517_190122.txt
captures/probes_20260517_190122.txt: no samples found
================================================================
[Sun May 17 19:05:32 EDT 2026] new capture: captures/probes_20260517_190518.txt
captures/probes_20260517_190518.txt: no samples found
================================================================
[Sun May 17 19:06:02 EDT 2026] new capture: captures/probes_20260517_190544.txt
======================================================================
Capture: captures/probes_20260517_190544.txt  (60 samples)
======================================================================
video_en:        {1: 60}  (1 = card enabled)
cpuAddr range:   0x61bc .. 0xf10040, distinct=8
cpuAddr top vals: 0xf10040=27, 0x26cc8=9, 0x26cc0=9, 0x26cc4=7, 0x26cc6=3, 0x26cc2=2, 0x26cca=2, 0x61bc=1
_cpuAS=0 (active): 76.7%
_cpuDTACK=0 (ack): 11.7%
arb_mac_we=1:    0.0%
arb_mac_oe=1:    56.7%
grant_video=1:   20.0%
video_clean=1:   65.0%
arb_vram_rd=1:   76.7%
arb_vram_wr=1:   0.0%
arb_vram_ready=1:1.7%
vram_state dist: {0: 35, 1: 24, 2: 1}
mac_idle_cnt:    avg=2.40, max=15
arb_mac_addr top: 0x188020=18, 0x300000=7, 0x280600=3, 0x213660=3, 0x213661=3, 0x213664=2, 0x13661=2, 0x213662=1
arb_vram_addr top: 0x300025=5, 0x300027=5, 0x30000c=5, 0x300022=4, 0x300023=4, 0x300021=2, 0x300002=2, 0x30001d=2
sdram_out top:    0x0=37, 0x6=7, 0x56c9=4, 0xfff8=3, 0x40=3, 0xffff=2, 0x82b=2, 0x5555=1

---- interpretation ----
  CPU is running (8 distinct addrs across 60 JTAG samples).
  video_en went high — slot driver did run.
  vram_rd asserted in 46/60 samples; ready in 1/60. 
================================================================
[Sun May 17 19:07:02 EDT 2026] new capture: captures/probes_20260517_190649_long.txt
======================================================================
Capture: captures/probes_20260517_190649_long.txt  (15 samples)
======================================================================
video_en:        {1: 15}  (1 = card enabled)
cpuAddr range:   0x26cc2 .. 0xf10040, distinct=4
cpuAddr top vals: 0xf10040=9, 0x26cca=3, 0x26cc2=2, 0x26cc8=1
_cpuAS=0 (active): 80.0%
_cpuDTACK=0 (ack): 13.3%
arb_mac_we=1:    0.0%
arb_mac_oe=1:    33.3%
grant_video=1:   26.7%
video_clean=1:   46.7%
arb_vram_rd=1:   80.0%
arb_vram_wr=1:   0.0%
arb_vram_ready=1:0.0%
vram_state dist: {0: 8, 1: 7}
mac_idle_cnt:    avg=2.40, max=11
arb_mac_addr top: 0x188020=7, 0x13664=1, 0x1fd6c7=1, 0x1ff7e4=1, 0x13663=1, 0x213664=1, 0x1ffe09=1, 0x213660=1
arb_vram_addr top: 0x300023=3, 0x30001a=2, 0x30001b=2, 0x300028=2, 0x300019=1, 0x30000a=1, 0x30000c=1, 0x300025=1
sdram_out top:    0x0=10, 0x82b=3, 0x56cd=1, 0xfff8=1

---- interpretation ----
  CPU stuck in a tight loop (few distinct addresses).
  video_en went high — slot driver did run.
  vram_rd asserted in 12/15 samples; ready in 0/15. 
================================================================
[Sun May 17 19:44:06 EDT 2026] new capture: captures/probes_20260517_194344.txt
======================================================================
Capture: captures/probes_20260517_194344.txt  (15 samples)
======================================================================
video_en:        {1: 15}  (1 = card enabled)
cpuAddr range:   0x40002edc .. 0x50f04002, distinct=12
cpuAddr top vals: 0x40005f48=2, 0x40005f4a=2, 0x40005f4c=2, 0x50005f4c=1, 0x40002edc=1, 0x40003212=1, 0x40f04002=1, 0x40002ee2=1
_cpuAS=0 (active): 46.7%
_cpuDTACK=0 (ack): 20.0%
arb_mac_we=1:    0.0%
arb_mac_oe=1:    93.3%
grant_video=1:   6.7%
video_clean=1:   26.7%
arb_vram_rd=1:   86.7%
arb_vram_wr=1:   0.0%
arb_vram_ready=1:0.0%
vram_state dist: {0: 8, 1: 7}
mac_idle_cnt:    avg=2.20, max=12
arb_mac_addr top: 0x202fa5=2, 0x280000=2, 0x202fa4=2, 0x1fdfc2=1, 0x20197f=1, 0x182001=1, 0x20194d=1, 0x201953=1
arb_vram_addr top: 0x302251=1, 0x300e59=1, 0x303088=1, 0x303e58=1, 0x3062a3=1, 0x300ae1=1, 0x301a00=1, 0x303be7=1
sdram_out top:    0x0=8, 0x5344=2, 0x600=1, 0x50f0=1, 0x674c=1, 0xaaaa=1, 0x4000=1

---- interpretation ----
  CPU is running (12 distinct addrs across 15 JTAG samples).
  video_en went high — slot driver did run.
  vram_rd asserted in 13/15 samples; ready in 0/15. 
================================================================
[Sun May 17 19:46:06 EDT 2026] new capture: captures/probes_20260517_194551_long.txt
captures/probes_20260517_194551_long.txt: no samples found
================================================================
[Sun May 17 20:24:09 EDT 2026] new capture: captures/probes_20260517_202346.txt
======================================================================
Capture: captures/probes_20260517_202346.txt  (41 samples)
======================================================================
video_en:        {1: 41}  (1 = card enabled)
cpuAddr range:   0x32a6 .. 0x50005f48, distinct=31
cpuAddr top vals: 0x40005f4a=2, 0x40005f48=2, 0x400032a2=2, 0x40002ede=2, 0x400032a8=2, 0x400032fa=2, 0x40002ee6=2, 0x400032ac=2
_cpuAS=0 (active): 73.2%
_cpuDTACK=0 (ack): 26.8%
arb_mac_we=1:    0.0%
arb_mac_oe=1:    68.3%
grant_video=1:   26.8%
video_clean=1:   36.6%
mac_stall=1:     26.8%
arb_vram_rd=1:   85.4%
arb_vram_wr=1:   0.0%
arb_vram_ready=1:0.0%
vram_state dist: {0: 20, 1: 21}
mac_idle_cnt:    avg=0.71, max=10
arb_mac_addr top: 0x202fa4=3, 0x194d=3, 0x202fa6=2, 0x201951=2, 0x182001=2, 0x1951=2, 0x280000=2, 0x1ffbe0=1
arb_vram_addr top: 0x301daa=1, 0x300f52=1, 0x302c1c=1, 0x3064f4=1, 0x3077ea=1, 0x301a77=1, 0x3040a8=1, 0x306b50=1
sdram_out top:    0x0=21, 0x807=4, 0xaaaa=3, 0x5555=2, 0x674c=2, 0xb3c8=1, 0xe05e=1, 0x6afc=1

---- interpretation ----
  CPU is running (31 distinct addrs across 41 JTAG samples).
  video_en went high — slot driver did run.
  vram_rd asserted in 35/41 samples; ready in 0/41. 
================================================================
[Sun May 17 20:58:12 EDT 2026] new capture: captures/probes_20260517_205746.txt
======================================================================
Capture: captures/probes_20260517_205746.txt  (41 samples)
======================================================================
video_en:        {1: 41}  (1 = card enabled)
cpuAddr range:   0x3214 .. 0x50005f4c, distinct=25
cpuAddr top vals: 0x40005f4a=6, 0x40005f4c=5, 0x40003304=3, 0x40005f48=2, 0x40f04002=2, 0x4000329e=2, 0x400032a8=2, 0x40002ee4=2
_cpuAS=0 (active): 97.6%
_cpuDTACK=0 (ack): 22.0%
arb_mac_we=1:    0.0%
arb_mac_oe=1:    73.2%
grant_video=1:   24.4%
video_clean=1:   31.7%
mac_stall=1:     39.0%
arb_vram_rd=1:   75.6%
arb_vram_wr=1:   0.0%
arb_vram_ready=1:2.4%
vram_state dist: {0: 33, 2: 1, 1: 7}
mac_idle_cnt:    avg=0.63, max=5
arb_mac_addr top: 0x202fa5=4, 0x202fa6=3, 0x2fa5=2, 0x202fa4=2, 0x300000=2, 0x20194e=2, 0x2fa6=1, 0x1fd1d0=1
arb_vram_addr top: 0x3077f5=2, 0x300e92=1, 0x3003ab=1, 0x302a35=1, 0x3058f2=1, 0x302a56=1, 0x305110=1, 0x3077e4=1
sdram_out top:    0x0=11, 0xaaaa=5, 0x6afc=3, 0x5344=3, 0x4a43=2, 0x5555=2, 0x4a45=2, 0x3a3c=2

---- interpretation ----
  CPU is running (25 distinct addrs across 41 JTAG samples).
  video_en went high — slot driver did run.
  vram_rd asserted in 31/41 samples; ready in 1/41. 
================================================================
[Mon May 18 09:00:26 EDT 2026] new capture: captures/probes_20260518_085959.txt
======================================================================
Capture: captures/probes_20260518_085959.txt  (41 samples)
======================================================================
video_en:        {1: 41}  (1 = card enabled)
cpuAddr range:   0x378c .. 0x50f12060, distinct=25
cpuAddr top vals: 0x50f10040=4, 0x40f10040=4, 0x50026cc2=4, 0x40026cc6=3, 0x40026cc0=3, 0x40026cc2=2, 0x40026cc8=2, 0x40026cca=2
_cpuAS=0 (active): 80.5%
_cpuDTACK=0 (ack): 22.0%
arb_mac_we=1:    2.4%
arb_mac_oe=1:    53.7%
grant_video=1:   34.1%
video_clean=1:   58.5%
mac_stall=1:     29.3%
arb_vram_rd=1:   73.2%
arb_vram_wr=1:   0.0%
arb_vram_ready=1:0.0%
vram_state dist: {1: 18, 0: 23}
mac_idle_cnt:    avg=2.61, max=15
arb_mac_addr top: 0x188020=8, 0x213664=4, 0x213660=3, 0x188028=2, 0x13663=2, 0x213663=2, 0x13661=2, 0x300000=1
arb_vram_addr top: 0x306490=1, 0x3059f4=1, 0x306b2b=1, 0x300710=1, 0x306f22=1, 0x306157=1, 0x30546a=1, 0x307228=1
sdram_out top:    0x0=27, 0xaaaa=4, 0xfff8=2, 0x82b=2, 0x7a00=1, 0x4080=1, 0x56cd=1, 0x6=1

---- interpretation ----
  CPU is running (25 distinct addrs across 41 JTAG samples).
  video_en went high — slot driver did run.
  vram_rd asserted in 30/41 samples; ready in 0/41. 
================================================================
[Mon May 18 09:40:01 EDT 2026] new capture: captures/probes_20260518_093925.txt
======================================================================
Capture: captures/probes_20260518_093925.txt  (60 samples)
======================================================================
video_en:        {1: 60}  (1 = card enabled)
cpuAddr range:   0x26cca .. 0x50f10040, distinct=19
cpuAddr top vals: 0x40f10040=14, 0x40026cc8=6, 0x50f10040=4, 0x50026cca=4, 0x50026cc8=4, 0x40026cc0=4, 0x40026cc2=3, 0x40026cc4=3
_cpuAS=0 (active): 80.0%
_cpuDTACK=0 (ack): 15.0%
arb_mac_we=1:    6.7%
arb_mac_oe=1:    45.0%
grant_video=1:   25.0%
video_clean=1:   66.7%
mac_stall=1:     30.0%
arb_vram_rd=1:   71.7%
arb_vram_wr=1:   0.0%
arb_vram_ready=1:1.7%
vram_state dist: {0: 34, 1: 25, 2: 1}
mac_idle_cnt:    avg=3.12, max=15
arb_mac_addr top: 0x188020=12, 0x13660=5, 0x0=4, 0x80000=4, 0x213663=3, 0x213661=3, 0x213665=3, 0x13661=2
arb_vram_addr top: 0x3077f5=2, 0x30545e=1, 0x302661=1, 0x3061f1=1, 0x305424=1, 0x3034f4=1, 0x306935=1, 0x301711=1
sdram_out top:    0x0=20, 0x5555=11, 0xaaaa=9, 0x56c9=6, 0xfff8=3, 0x82b=3, 0x6=3, 0x66f8=1

---- interpretation ----
  CPU is running (19 distinct addrs across 60 JTAG samples).
  video_en went high — slot driver did run.
  vram_rd asserted in 43/60 samples; ready in 1/60. 
================================================================
[Mon May 18 09:41:31 EDT 2026] new capture: captures/probes_20260518_094109_long2.txt
======================================================================
Capture: captures/probes_20260518_094109_long2.txt  (41 samples)
======================================================================
video_en:        {1: 41}  (1 = card enabled)
cpuAddr range:   0x26cc0 .. 0x50f10040, distinct=14
cpuAddr top vals: 0x40f10040=8, 0x50f10040=7, 0x40026cc8=4, 0x50026cc0=4, 0x40026cc4=3, 0x40026cc0=3, 0x40026cca=3, 0x40026cc2=2
_cpuAS=0 (active): 85.4%
_cpuDTACK=0 (ack): 7.3%
arb_mac_we=1:    0.0%
arb_mac_oe=1:    43.9%
grant_video=1:   46.3%
video_clean=1:   63.4%
mac_stall=1:     31.7%
arb_vram_rd=1:   70.7%
arb_vram_wr=1:   0.0%
arb_vram_ready=1:4.9%
vram_state dist: {0: 21, 1: 18, 2: 2}
mac_idle_cnt:    avg=3.41, max=15
arb_mac_addr top: 0x188020=6, 0x13664=3, 0x213665=3, 0x213661=3, 0x80000=2, 0x13665=2, 0x20=1, 0x1fef81=1
arb_vram_addr top: 0x304cb7=1, 0x3066f7=1, 0x30289b=1, 0x306af6=1, 0x30259a=1, 0x3053ad=1, 0x301636=1, 0x3075f3=1
sdram_out top:    0x5555=11, 0x0=11, 0xaaaa=7, 0x56cd=3, 0x82b=3, 0x6=2, 0xfff8=1, 0x40=1

---- interpretation ----
  CPU is running (14 distinct addrs across 41 JTAG samples).
  video_en went high — slot driver did run.
  vram_rd asserted in 29/41 samples; ready in 2/41. 
================================================================
[Mon May 18 10:18:05 EDT 2026] new capture: captures/probes_20260518_101724.txt
======================================================================
Capture: captures/probes_20260518_101724.txt  (60 samples)
======================================================================
video_en:        {1: 60}  (1 = card enabled)
cpuAddr range:   0x40026cc0 .. 0x50f10040, distinct=13
cpuAddr top vals: 0x40f10040=18, 0x40026cc2=9, 0x50f10040=6, 0x40026cca=5, 0x40026cc0=4, 0x50026cc8=4, 0x40026cc8=3, 0x40026cc6=3
_cpuAS=0 (active): 75.0%
_cpuDTACK=0 (ack): 13.3%
arb_mac_we=1:    0.0%
arb_mac_oe=1:    65.0%
grant_video=1:   16.7%
video_clean=1:   68.3%
mac_stall=1:     30.0%
arb_vram_rd=1:   60.0%
arb_vram_wr=1:   0.0%
arb_vram_ready=1:3.3%
vram_state dist: {0: 37, 1: 21, 2: 2}
mac_idle_cnt:    avg=1.88, max=15
arb_mac_addr top: 0x188020=9, 0x213660=7, 0x213664=5, 0x213665=5, 0x300000=4, 0x13661=4, 0x213661=2, 0x13663=2
arb_vram_addr top: 0x3077f1=3, 0x3077f7=2, 0x3077f2=2, 0x306059=1, 0x300b95=1, 0x303377=1, 0x305f60=1, 0x3006ef=1
sdram_out top:    0x0=20, 0x5555=14, 0xaaaa=8, 0xfff8=4, 0x40=4, 0x6=3, 0x82b=2, 0x56c9=2

---- interpretation ----
  CPU is running (13 distinct addrs across 60 JTAG samples).
  video_en went high — slot driver did run.
  vram_rd asserted in 36/60 samples; ready in 2/60. 
================================================================
[Mon May 18 10:19:05 EDT 2026] new capture: captures/probes_20260518_101850_iter1.txt
======================================================================
Capture: captures/probes_20260518_101850_iter1.txt  (30 samples)
======================================================================
video_en:        {1: 30}  (1 = card enabled)
cpuAddr range:   0x40026cc0 .. 0x50f10040, distinct=12
cpuAddr top vals: 0x40f10040=7, 0x40026cca=5, 0x50f10040=5, 0x40026cc4=2, 0x40026cc8=2, 0x50026cc0=2, 0x40026cc6=2, 0x50026cc4=1
_cpuAS=0 (active): 90.0%
_cpuDTACK=0 (ack): 16.7%
arb_mac_we=1:    0.0%
arb_mac_oe=1:    63.3%
grant_video=1:   20.0%
video_clean=1:   66.7%
mac_stall=1:     46.7%
arb_vram_rd=1:   76.7%
arb_vram_wr=1:   0.0%
arb_vram_ready=1:3.3%
vram_state dist: {1: 10, 0: 19, 2: 1}
mac_idle_cnt:    avg=2.33, max=15
arb_mac_addr top: 0x188020=4, 0x213665=3, 0x213660=3, 0x13664=2, 0x213664=2, 0x13660=2, 0x13665=2, 0x213661=2
arb_vram_addr top: 0x3000f7=1, 0x306ca6=1, 0x3002b2=1, 0x300f33=1, 0x302676=1, 0x3038f2=1, 0x305571=1, 0x307058=1
sdram_out top:    0x0=9, 0xaaaa=5, 0x5555=5, 0x56c9=4, 0x6=2, 0x82b=2, 0x40=1, 0xffff=1

---- interpretation ----
  CPU is running (12 distinct addrs across 30 JTAG samples).
  video_en went high — slot driver did run.
  vram_rd asserted in 23/30 samples; ready in 1/30. 
================================================================
[Mon May 18 10:19:05 EDT 2026] new capture: captures/probes_20260518_101855_iter2.txt
======================================================================
Capture: captures/probes_20260518_101855_iter2.txt  (30 samples)
======================================================================
video_en:        {1: 30}  (1 = card enabled)
cpuAddr range:   0x40026cc0 .. 0x50f10040, distinct=11
cpuAddr top vals: 0x40f10040=7, 0x40026cc6=4, 0x40026cc0=4, 0x50f10040=3, 0x40026cc2=3, 0x40026cc8=3, 0x50026cc0=2, 0x50026cc2=1
_cpuAS=0 (active): 86.7%
_cpuDTACK=0 (ack): 16.7%
arb_mac_we=1:    0.0%
arb_mac_oe=1:    53.3%
grant_video=1:   20.0%
video_clean=1:   53.3%
mac_stall=1:     26.7%
arb_vram_rd=1:   73.3%
arb_vram_wr=1:   0.0%
arb_vram_ready=1:0.0%
vram_state dist: {1: 16, 0: 14}
mac_idle_cnt:    avg=1.90, max=15
arb_mac_addr top: 0x188020=9, 0x300000=4, 0x1fd25d=1, 0x213664=1, 0x13665=1, 0x13664=1, 0x1ffc48=1, 0x1feef5=1
arb_vram_addr top: 0x307262=1, 0x305811=1, 0x3071f4=1, 0x3077f8=1, 0x301b50=1, 0x3034b5=1, 0x304c37=1, 0x306110=1
sdram_out top:    0x0=11, 0x5555=7, 0xaaaa=4, 0xfff8=3, 0x40=2, 0x56cd=1, 0x6=1, 0xffff=1

---- interpretation ----
  CPU is running (11 distinct addrs across 30 JTAG samples).
  video_en went high — slot driver did run.
  vram_rd asserted in 22/30 samples; ready in 0/30. 
================================================================
[Mon May 18 10:19:05 EDT 2026] new capture: captures/probes_20260518_101900_iter3.txt
======================================================================
Capture: captures/probes_20260518_101900_iter3.txt  (30 samples)
======================================================================
video_en:        {1: 30}  (1 = card enabled)
cpuAddr range:   0x40026cc2 .. 0x50f10040, distinct=9
cpuAddr top vals: 0x40f10040=9, 0x50f10040=4, 0x40026cc6=4, 0x40026cc4=3, 0x40026cc8=3, 0x40026cca=2, 0x40026cc2=2, 0x50026cc6=2
_cpuAS=0 (active): 76.7%
_cpuDTACK=0 (ack): 10.0%
arb_mac_we=1:    0.0%
arb_mac_oe=1:    80.0%
grant_video=1:   10.0%
video_clean=1:   43.3%
mac_stall=1:     50.0%
arb_vram_rd=1:   76.7%
arb_vram_wr=1:   0.0%
arb_vram_ready=1:3.3%
vram_state dist: {0: 20, 1: 9, 2: 1}
mac_idle_cnt:    avg=1.40, max=8
arb_mac_addr top: 0x188020=5, 0x213662=4, 0x300000=3, 0x213665=3, 0x213663=2, 0x1ff00f=1, 0x1fe985=1, 0x13665=1
arb_vram_addr top: 0x3077f7=2, 0x30492a=1, 0x3011ab=1, 0x302aac=1, 0x304354=1, 0x305f66=1, 0x3077f6=1, 0x30112c=1
sdram_out top:    0x0=10, 0x5555=7, 0xaaaa=5, 0xfff8=2, 0x6=2, 0x56c9=2, 0x56cd=1, 0xe352=1

---- interpretation ----
  CPU is running (9 distinct addrs across 30 JTAG samples).
  video_en went high — slot driver did run.
  vram_rd asserted in 23/30 samples; ready in 1/30. 
