Flow report for LBMacTwo
Wed Jun 10 06:27:02 2026
Quartus Prime Version 17.0.2 Build 602 07/19/2017 SJ Lite Edition


---------------------
; Table of Contents ;
---------------------
  1. Legal Notice
  2. Flow Summary
  3. Flow Settings
  4. Flow Non-Default Global Settings
  5. Flow Elapsed Time
  6. Flow OS Summary
  7. Flow Log
  8. Flow Messages
  9. Flow Suppressed Messages



----------------
; Legal Notice ;
----------------
Copyright (C) 2017  Intel Corporation. All rights reserved.
Your use of Intel Corporation's design tools, logic functions 
and other software and tools, and its AMPP partner logic 
functions, and any output files from any of the foregoing 
(including device programming or simulation files), and any 
associated documentation or information are expressly subject 
to the terms and conditions of the Intel Program License 
Subscription Agreement, the Intel Quartus Prime License Agreement,
the Intel MegaCore Function License Agreement, or other 
applicable license agreement, including, without limitation, 
that your use is for the sole purpose of programming logic 
devices manufactured by Intel and sold by Intel or its 
authorized distributors.  Please refer to the applicable 
agreement for further details.



+-------------------------------------------------------------------------------+
; Flow Summary                                                                  ;
+---------------------------------+---------------------------------------------+
; Flow Status                     ; Successful - Wed Jun 10 06:26:37 2026       ;
; Quartus Prime Version           ; 17.0.2 Build 602 07/19/2017 SJ Lite Edition ;
; Revision Name                   ; LBMacTwo                                    ;
; Top-level Entity Name           ; sys_top                                     ;
; Family                          ; Cyclone V                                   ;
; Device                          ; 5CSEBA6U23I7                                ;
; Timing Models                   ; Final                                       ;
; Logic utilization (in ALMs)     ; 36,212 / 41,910 ( 86 % )                    ;
; Total registers                 ; 34290                                       ;
; Total pins                      ; 145 / 314 ( 46 % )                          ;
; Total virtual pins              ; 0                                           ;
; Total block memory bits         ; 1,768,895 / 5,662,720 ( 31 % )              ;
; Total DSP Blocks                ; 53 / 112 ( 47 % )                           ;
; Total HSSI RX PCSs              ; 0                                           ;
; Total HSSI PMA RX Deserializers ; 0                                           ;
; Total HSSI TX PCSs              ; 0                                           ;
; Total HSSI PMA TX Serializers   ; 0                                           ;
; Total PLLs                      ; 3 / 6 ( 50 % )                              ;
; Total DLLs                      ; 0 / 4 ( 0 % )                               ;
+---------------------------------+---------------------------------------------+


+-----------------------------------------+
; Flow Settings                           ;
+-------------------+---------------------+
; Option            ; Setting             ;
+-------------------+---------------------+
; Start date & time ; 06/10/2026 06:06:13 ;
; Main task         ; Compilation         ;
; Revision Name     ; LBMacTwo            ;
+-------------------+---------------------+


+-----------------------------------------------------------------------------------------------------------------------------------------------+
; Flow Non-Default Global Settings                                                                                                              ;
+------------------------------------------------------+----------------------------------------+--------------------+-------------+------------+
; Assignment Name                                      ; Value                                  ; Default Value      ; Entity Name ; Section Id ;
+------------------------------------------------------+----------------------------------------+--------------------+-------------+------------+
; ADV_NETLIST_OPT_SYNTH_WYSIWYG_REMAP                  ; On                                     ; Off                ; --          ; --         ;
; ALM_REGISTER_PACKING_EFFORT                          ; Low                                    ; Medium             ; --          ; --         ;
; AUTO_DELAY_CHAINS_FOR_HIGH_FANOUT_INPUT_PINS         ; On                                     ; Off                ; --          ; --         ;
; COMPILER_SIGNATURE_ID                                ; 106444397431738.178108597351840        ; --                 ; --          ; --         ;
; ECO_OPTIMIZE_TIMING                                  ; On                                     ; Off                ; --          ; --         ;
; ENABLE_SIGNALTAP                                     ; Off                                    ; --                 ; --          ; --         ;
; FINAL_PLACEMENT_OPTIMIZATION                         ; Always                                 ; Automatically      ; --          ; --         ;
; FITTER_AGGRESSIVE_ROUTABILITY_OPTIMIZATION           ; Always                                 ; Automatically      ; --          ; --         ;
; FITTER_EFFORT                                        ; Standard Fit                           ; Auto Fit           ; --          ; --         ;
; MAX_CORE_JUNCTION_TEMP                               ; 100                                    ; --                 ; --          ; --         ;
; MIN_CORE_JUNCTION_TEMP                               ; -40                                    ; --                 ; --          ; --         ;
; MISC_FILE                                            ; rtl/pll.cmp                            ; --                 ; --          ; --         ;
; MISC_FILE                                            ; sys/pll_hdmi.cmp                       ; --                 ; --          ; --         ;
; MISC_FILE                                            ; sys/pll_audio.cmp                      ; --                 ; --          ; --         ;
; MUX_RESTRUCTURE                                      ; On                                     ; Auto               ; --          ; --         ;
; NUM_PARALLEL_PROCESSORS                              ; All                                    ; --                 ; --          ; --         ;
; OPTIMIZATION_TECHNIQUE                               ; Speed                                  ; Balanced           ; --          ; --         ;
; OPTIMIZE_POWER_DURING_FITTING                        ; Off                                    ; Normal compilation ; --          ; --         ;
; PARTITION_COLOR                                      ; -- (Not supported for targeted family) ; --                 ; sys_top     ; Top        ;
; PARTITION_FITTER_PRESERVATION_LEVEL                  ; -- (Not supported for targeted family) ; --                 ; sys_top     ; Top        ;
; PARTITION_NETLIST_TYPE                               ; -- (Not supported for targeted family) ; --                 ; sys_top     ; Top        ;
; PERIPHERY_TO_CORE_PLACEMENT_AND_ROUTING_OPTIMIZATION ; On                                     ; Off                ; --          ; --         ;
; PHYSICAL_SYNTHESIS_ASYNCHRONOUS_SIGNAL_PIPELINING    ; On                                     ; Off                ; --          ; --         ;
; PHYSICAL_SYNTHESIS_COMBO_LOGIC                       ; On                                     ; Off                ; --          ; --         ;
; PHYSICAL_SYNTHESIS_COMBO_LOGIC_FOR_AREA              ; On                                     ; Off                ; --          ; --         ;
; PHYSICAL_SYNTHESIS_REGISTER_RETIMING                 ; On                                     ; Off                ; --          ; --         ;
; POWER_BOARD_THERMAL_MODEL                            ; None (CONSERVATIVE)                    ; --                 ; --          ; --         ;
; POWER_PRESET_COOLING_SOLUTION                        ; 23 MM HEAT SINK WITH 200 LFPM AIRFLOW  ; --                 ; --          ; --         ;
; PRE_FLOW_SCRIPT_FILE                                 ; quartus_sh:sys/build_id.tcl            ; --                 ; --          ; --         ;
; PRE_MAPPING_RESYNTHESIS                              ; On                                     ; Off                ; --          ; --         ;
; PROJECT_OUTPUT_DIRECTORY                             ; output_files                           ; --                 ; --          ; --         ;
; QII_AUTO_PACKED_REGISTERS                            ; Normal                                 ; Auto               ; --          ; --         ;
; REMOVE_REDUNDANT_LOGIC_CELLS                         ; On                                     ; Off                ; --          ; --         ;
; ROUTER_CLOCKING_TOPOLOGY_ANALYSIS                    ; On                                     ; Off                ; --          ; --         ;
; ROUTER_LCELL_INSERTION_AND_LOGIC_DUPLICATION         ; On                                     ; Auto               ; --          ; --         ;
; SAVE_DISK_SPACE                                      ; Off                                    ; On                 ; --          ; --         ;
; SMART_RECOMPILE                                      ; On                                     ; Off                ; --          ; --         ;
; SYNTHESIS_ONLY_QIP                                   ; On                                     ; --                 ; --          ; --         ;
; SYNTHESIS_ONLY_QIP                                   ; On                                     ; --                 ; --          ; --         ;
; SYNTHESIS_ONLY_QIP                                   ; On                                     ; --                 ; --          ; --         ;
; SYNTHESIS_ONLY_QIP                                   ; On                                     ; --                 ; --          ; --         ;
; SYNTH_GATED_CLOCK_CONVERSION                         ; On                                     ; Off                ; --          ; --         ;
; TIMEQUEST_MULTICORNER_ANALYSIS                       ; Off                                    ; On                 ; --          ; --         ;
; TOP_LEVEL_ENTITY                                     ; sys_top                                ; LBMacTwo           ; --          ; --         ;
+------------------------------------------------------+----------------------------------------+--------------------+-------------+------------+


+-------------------------------------------------------------------------------------------------------------------------------+
; Flow Elapsed Time                                                                                                             ;
+---------------------------+--------------+-------------------------+---------------------+------------------------------------+
; Module Name               ; Elapsed Time ; Average Processors Used ; Peak Virtual Memory ; Total CPU Time (on all processors) ;
+---------------------------+--------------+-------------------------+---------------------+------------------------------------+
; Analysis & Synthesis      ; 00:05:23     ; 7.1                     ; 6620 MB             ; 00:06:49                           ;
; Fitter                    ; 00:14:21     ; 1.4                     ; 9590 MB             ; 01:03:09                           ;
; Assembler                 ; 00:00:20     ; 1.0                     ; 5372 MB             ; 00:00:19                           ;
; TimeQuest Timing Analyzer ; 00:00:24     ; 3.2                     ; 6103 MB             ; 00:00:31                           ;
; Total                     ; 00:20:28     ; --                      ; --                  ; 01:10:48                           ;
+---------------------------+--------------+-------------------------+---------------------+------------------------------------+


+-----------------------------------------------------------------------------------------+
; Flow OS Summary                                                                         ;
+---------------------------+------------------+------------+------------+----------------+
; Module Name               ; Machine Hostname ; OS Name    ; OS Version ; Processor type ;
+---------------------------+------------------+------------+------------+----------------+
; Analysis & Synthesis      ; danihtpc         ; Windows 10 ; 10.0       ; x86_64         ;
; Fitter                    ; danihtpc         ; Windows 10 ; 10.0       ; x86_64         ;
; Assembler                 ; danihtpc         ; Windows 10 ; 10.0       ; x86_64         ;
; TimeQuest Timing Analyzer ; danihtpc         ; Windows 10 ; 10.0       ; x86_64         ;
+---------------------------+------------------+------------+------------+----------------+


------------
; Flow Log ;
------------
quartus_map --read_settings_files=on --write_settings_files=off LBMacTwo -c LBMacTwo
quartus_fit --read_settings_files=off --write_settings_files=off LBMacTwo -c LBMacTwo
quartus_asm --read_settings_files=off --write_settings_files=off LBMacTwo -c LBMacTwo
quartus_sta LBMacTwo -c LBMacTwo



